[localhost/index.html]
[gmpg.org/xfn/11.html]
[backblue.gif]
[fade.gif]
[index.html]
[localhost/wp-includes/css/dist/block-library/style.min37ad.css]
[localhost/wp-content/plugins/woocommerce/packages/woocommerce-blocks/build/stylea1ec.css]
[localhost/indexa6da.html]
[s.w.org/index.html]
[localhost/wp-content/plugins/contact-widgets/assets/css/font-awesome.min1849.css]
[localhost/indexd784.html]
[localhost/wp-content/plugins/contact-form-7/includes/css/styles58e0.css]
[localhost/wp-content/themes/flatsome/assets/css/fl-icons6aec.css]
[localhost/wp-content/themes/flatsome/inc/integrations/ninjaforms/ninjaforms37ad.css]
[localhost/wp-content/plugins/godaddy-email-marketing-sign-up-forms/css/gem.min1159.css]
[localhost/wp-content/plugins/variation-swatches-for-woocommerce/assets/css/frontendd0f1.css]
[localhost/wp-content/themes/flatsome/assets/css/flatsome2072.css]
[localhost/wp-content/themes/flatsome/assets/css/flatsome-shop2072.css]
[localhost/wp-content/themes/flatsome-child/style2072.css]
[localhost/wp-content/plugins/storefront-sticky-add-to-cart/assets/css/style37ad.css]
[localhost/wp-includes/js/jquery/jquery.minaf6c.js]
[localhost/wp-includes/js/jquery/jquery-migrate.mind617.js]
[localhost/wp-content/plugins/itr-popup/scripts/itro-scripts37ad.js]
[localhost/index52f0.json]
[localhost/index9004.json]
[localhost/xmlrpc0db0.php]
[localhost/wp-includes/wlwmanifest.xml]
[localhost/index6013.json]
[localhost/index85dd.php]
[ajax.googleapis.com/ajax/libs/webfont/1/webfont.js]
[localhost/indexeff9.html]
[localhost/wp-content/themes/flatsome/assets/img/missing.jpg]
[localhost/index3285.html]
[localhost/wp-content/themes/flatsome/assets/img/logo.png]
[localhost/wp-content/uploads/2018/08/LR-Hair-Extension-Sliding-banner-on-homepage1.jpg]
[localhost/indexbf77.html]
[localhost/wp-content/uploads/2018/08/index_banner02.jpg]
[localhost/wp-content/uploads/2018/08/aliwigs-Banner5.jpg]
[localhost/wp-content/uploads/2018/08/1605_wig_experts_banner_fav_short_summer_styles.jpg]
[localhost/wp-content/uploads/2018/08/17_7_11-PERMANENT-ROOT-TO-TIP-CURLS.jpg]
[localhost/wp-content/uploads/2018/08/wigscom_human_hair_wigs_banner_opt.jpg]
[localhost/wp-content/uploads/2018/08/20-1_201-500x500.jpg]
[localhost/wp-content/uploads/2018/08/20-1_202-500x500-300x300.jpg]
[localhost/wp-content/uploads/2018/08/20-8_201-500x500.jpg]
[localhost/wp-content/uploads/2018/08/20-8_204-500x500-300x300.23.delayed]
[localhost/indexcf20.html]
[localhost/wp-content/uploads/2018/09/24-6_201-500x500.jpg]
[localhost/index3f35.html]
[localhost/wp-content/uploads/2018/09/24-6_202-500x500-300x300.jpg]
[localhost/wp-content/uploads/2018/09/26-7_20brown_20hair_203-500x500.jpg]
[localhost/wp-content/uploads/2018/09/26-7_20brown_20hair_201-500x500-300x300.jpg]
[localhost/wp-content/uploads/2018/09/50-20_20FC3-5_20_2_-500x500.jpg]
[localhost/wp-content/uploads/2018/09/50-20_20FC3-5_20_3_-500x500-300x300.jpg]
[localhost/wp-content/uploads/2018/09/50-40_20L1-2_20_1_-500x500.jpg]
[localhost/wp-content/uploads/2018/09/50-40_20L1-2_20_2_-500x500-300x300.jpg]
[localhost/wp-content/uploads/2018/09/64_201-500x500.jpg]
[localhost/wp-content/uploads/2018/09/64_202-500x500-300x300.jpg]
[localhost/wp-content/uploads/2018/09/2-300x300.2e.delayed]
[localhost/index5534.html]
[localhost/wp-content/uploads/2018/09/3-300x300.jpg]
[localhost/indexf1c6.html]
[localhost/index6c42.html]
[localhost/wp-content/plugins/contact-form-7/includes/js/scripts58e0.js]
[localhost/index9dec.html]
[localhost/indexf116.html]
[localhost/wp-content/plugins/woocommerce/assets/js/jquery-blockui/jquery.blockUI.min44fd.js]
[localhost/indexfd18.html]
[localhost/index6478.html]
[localhost/index76ef.html]
[localhost/wp-content/plugins/woocommerce/assets/js/frontend/add-to-cart.min3088.js]
[localhost/indexb1b3.html]
[localhost/index96f1.html]
[localhost/wp-content/plugins/woocommerce/assets/js/js-cookie/js.cookie.min6b25.js]
[localhost/wp-content/plugins/woocommerce/assets/js/frontend/woocommerce.min3088.js]
[localhost/wp-content/plugins/woocommerce/assets/js/frontend/cart-fragments.min3088.js]
[localhost/wp-content/themes/flatsome/inc/extensions/flatsome-live-search/flatsome-live-search2072.js]
[localhost/wp-content/plugins/godaddy-email-marketing-sign-up-forms/js/gem.min1159.js]
[localhost/wp-content/plugins/variation-swatches-for-woocommerce/assets/js/frontendd0f1.js]
[localhost/wp-includes/js/hoverIntent.min3e5a.js]
[localhost/wp-content/themes/flatsome/assets/js/flatsome2072.js]
[localhost/wp-content/themes/flatsome/assets/js/woocommerce2072.js]
[localhost/wp-includes/js/underscore.minb37e.js]
[localhost/wp-includes/js/wp-util.min37ad.js]
[localhost/index.html]
[localhost/wp-content/plugins/woocommerce/assets/js/frontend/add-to-cart-variation.min3088.js]
[gmpg.org/xfn/default.css]
[gmpg.org/xfn/.html]
[gmpg.org/xfn/intro.html]
[gmpg.org/xfn/faq.html]
[gmpg.org/xfn/11.html]
[localhost/xmlrpc.php]
[s.w.org/index.html]
[localhost/index0863.json]
[localhost/indexa393.json]
[localhost/index591a.php]
[localhost/indexeff9.html]
[localhost/index44fe.json]
[localhost/index8130.json]
[localhost/indexfbcd.php]
[localhost/index3285.html]
[localhost/index2caa.json]
[localhost/index5554.json]
[localhost/index9e7c.php]
[localhost/wp-content/uploads/2018/08/about-us-598x800.jpg]
[localhost/indexbf77.html]
[localhost/index48a6.html]
[localhost/index9844.html]
[localhost/indexfb5a.json]
[localhost/index9427.json]
[localhost/index855f.php]
[localhost/wp-includes/css/dashicons.min37ad.css]
[localhost/wp-content/plugins/ninja-forms/assets/css/display-structure37ad.css]
[localhost/wp-includes/js/backbone.min330a.js]
[localhost/wp-content/plugins/ninja-forms/assets/js/min/front-end-deps51b2.js]
[localhost/wp-content/plugins/ninja-forms/assets/js/min/front-end51b2.js]
[localhost/indexcf20.html]
[localhost/wp-content/plugins/woocommerce/assets/css/select23088.css]
[localhost/wp-includes/js/zxcvbn-async.min5152.js]
[localhost/index84c7.json]
[localhost/indexd219.json]
[localhost/indexfff8.php]
[localhost/wp-content/plugins/woocommerce/assets/js/selectWoo/selectWoo.full.min0ba6.js]
[localhost/wp-includes/js/dist/vendor/regenerator-runtime.min3937.js]
[localhost/wp-includes/js/dist/vendor/wp-polyfill.min2c7c.js]
[localhost/wp-includes/js/dist/hooks.mincbb5.js]
[localhost/wp-includes/js/dist/i18n.min771a.js]
[localhost/wp-admin/js/password-strength-meter.min37ad.js]
[localhost/wp-content/plugins/woocommerce/assets/js/frontend/password-strength-meter.min3088.js]
[localhost/index3f35.html]
[localhost/index6171.json]
[localhost/index4d02.json]
[localhost/index0e3a.php]
[localhost/wp-content/plugins/woocommerce/assets/js/frontend/country-select.min3088.js]
[localhost/wp-content/plugins/woocommerce/assets/js/frontend/address-i18n.min3088.js]
[localhost/wp-content/plugins/woocommerce/assets/js/frontend/cart.min3088.js]
[localhost/index5534.html]
[localhost/indexbdd0.json]
[localhost/index055c.json]
[localhost/index7e41.php]
[localhost/wp-content/uploads/2018/08/20-1_201-500x500-600x600.jpg]
[localhost/wp-content/uploads/2018/08/20-1_202-500x500.jpg]
[localhost/wp-content/uploads/2018/08/20-1_202-500x500-600x600.jpg]
[localhost/wp-content/uploads/2018/08/20-1_203-500x500.jpg]
[localhost/wp-content/uploads/2018/08/20-1_203-500x500-600x600.jpg]
[localhost/wp-content/uploads/2018/08/20-1_201-500x500-130x130.jpg]
[localhost/wp-content/uploads/2018/08/20-1_202-500x500-130x130.jpg]
[localhost/wp-content/uploads/2018/08/20-1_203-500x500-130x130.jpg]
[localhost/wp-content/uploads/2018/08/20-8_201-500x500-130x130.jpg]
[localhost/indexd312.html]
[localhost/wp-content/uploads/2018/09/15-2_201-500x500.jpg]
[localhost/index01f9.html]
[localhost/wp-content/uploads/2018/09/15-2_202-500x500-300x300.jpg]
[localhost/wp-content/plugins/woocommerce/assets/js/frontend/single-product.min3088.js]
[localhost/wp-includes/js/comment-reply.min37ad.js]
[localhost/indexf1c6.html]
[localhost/wp-content/plugins/akismet/_inc/form8aee.js]
[localhost/index259b.json]
[localhost/index5362.json]
[localhost/index506f.php]
[localhost/wp-content/uploads/2018/08/20-8_201-500x500-600x600.jpg]
[localhost/wp-content/uploads/2018/08/20-8_204-500x500.jpg]
[localhost/wp-content/uploads/2018/08/20-8_204-500x500-600x600.jpg]
[localhost/wp-content/uploads/2018/08/20-8_202-500x500.jpg]
[localhost/wp-content/uploads/2018/08/20-8_202-500x500-600x600.jpg]
[localhost/wp-content/uploads/2018/08/20-8_204-500x500-130x130.jpg]
[localhost/wp-content/uploads/2018/08/20-8_202-500x500-130x130.jpg]
[localhost/index6c42.html]
[localhost/wp-content/uploads/2018/09/24-6_201-500x500-130x130.jpg]
[localhost/index0da1.json]
[localhost/index2f26.json]
[localhost/index1a08.php]
[localhost/wp-content/uploads/2018/09/24-6_201-500x500-600x600.jpg]
[localhost/wp-content/uploads/2018/09/24-6_202-500x500.jpg]
[localhost/wp-content/uploads/2018/09/24-6_202-500x500-768x667.jpg]
[localhost/wp-content/uploads/2018/09/24-6_203-500x500.jpg]
[localhost/wp-content/uploads/2018/09/24-6_203-500x500-768x660.jpg]
[localhost/wp-content/uploads/2018/09/24-6_202-500x500-130x130.jpg]
[localhost/wp-content/uploads/2018/09/24-6_203-500x500-130x130.jpg]
[localhost/wp-content/uploads/2018/09/26-7_20brown_20hair_203-500x500-130x130.jpg]
[localhost/indexf116.html]
[localhost/index876e.json]
[localhost/index6c4e.php]
[localhost/index38ca.php]
[localhost/wp-content/uploads/2018/09/26-7_20brown_20hair_203-500x500-600x600.jpg]
[localhost/wp-content/uploads/2018/09/26-7_20brown_20hair_201-500x500.jpg]
[localhost/wp-content/uploads/2018/09/26-7_20brown_20hair_201-500x500-130x130.jpg]
[localhost/index9dec.html]
[localhost/wp-content/uploads/2018/09/50-20_20FC3-5_20_2_-500x500-130x130.jpg]
[localhost/indexb2ab.json]
[localhost/index0430.json]
[localhost/index70df.php]
[localhost/wp-content/uploads/2018/09/50-20_20FC3-5_20_2_-500x500-600x600.jpg]
[localhost/wp-content/uploads/2018/09/50-20_20FC3-5_20_3_-500x500.jpg]
[localhost/wp-content/uploads/2018/09/50-20_20FC3-5_20_3_-500x500-600x600.jpg]
[localhost/wp-content/uploads/2018/09/50-20_20FC3-5_20_3_-500x500-130x130.jpg]
[localhost/wp-content/uploads/2018/09/50-40_20L1-2_20_1_-500x500-130x130.jpg]
[localhost/index6478.html]
[localhost/index19d1.json]
[localhost/indexf6f7.json]
[localhost/indexc176.php]
[localhost/wp-content/uploads/2018/09/50-40_20L1-2_20_1_-500x500-600x600.jpg]
[localhost/wp-content/uploads/2018/09/50-40_20L1-2_20_2_-500x500.jpg]
[localhost/wp-content/uploads/2018/09/50-40_20L1-2_20_2_-500x500-600x600.jpg]
[localhost/wp-content/uploads/2018/09/50-40_20L1-2_20_4_-500x500.jpg]
[localhost/wp-content/uploads/2018/09/50-40_20L1-2_20_4_-500x500-600x600.jpg]
[localhost/wp-content/uploads/2018/09/50-40_20L1-2_20_2_-500x500-130x130.jpg]
[localhost/wp-content/uploads/2018/09/50-40_20L1-2_20_4_-500x500-130x130.jpg]
[localhost/wp-content/uploads/2018/09/64_201-500x500-130x130.jpg]
[localhost/indexfd18.html]
[localhost/indexaff4.json]
[localhost/index88b9.json]
[localhost/indexdff8.php]
[localhost/wp-content/uploads/2018/09/64_201-500x500-600x600.jpg]
[localhost/wp-content/uploads/2018/09/64_202-500x500.jpg]
[localhost/wp-content/uploads/2018/09/64_202-500x500-600x600.jpg]
[localhost/wp-content/uploads/2018/09/64_202-500x500-130x130.jpg]
[localhost/index76ef.html]
[localhost/wp-content/uploads/2018/09/2-130x130.jpg]
[localhost/index92d1.php]
[localhost/index5f25.json]
[localhost/index63ea.php]
[localhost/wp-content/uploads/2018/09/2.jpg]
[localhost/wp-content/uploads/2018/09/2-677x800.jpg]
[localhost/wp-content/uploads/2018/09/3.jpg]
[localhost/wp-content/uploads/2018/09/3-768x1074.jpg]
[localhost/wp-content/uploads/2018/09/4.jpg]
[localhost/wp-content/uploads/2018/09/4-664x800.jpg]
[localhost/wp-content/uploads/2018/09/3-130x130.jpg]
[localhost/wp-content/uploads/2018/09/4-130x130.jpg]
[localhost/wp-content/uploads/2018/09/15-2_201-500x500-130x130.jpg]
[localhost/indexb1b3.html]
[localhost/index96f1.html]
[gmpg.org/xfn/.html]
[gmpg.org/xfn/intro.html]
[gmpg.org/xfn/faq.html]
[localhost/index4192.html]
[localhost/index5e52.html]
[localhost/index834e.html]
[localhost/wp-content/plugins/woocommerce/assets/js/frontend/lost-password.min3088.js]
[localhost/wp-includes/js/jquery/ui/core.min0028.js]
[localhost/index1f80.html]
[localhost/wp-includes/js/jquery/ui/mouse.min0028.js]
[localhost/wp-includes/js/jquery/ui/slider.min0028.js]
[localhost/wp-content/plugins/woocommerce/assets/js/jquery-ui-touch-punch/jquery-ui-touch-punch.min3088.js]
[localhost/wp-content/plugins/woocommerce/assets/js/accounting/accounting.minaffb.js]
[localhost/index9844.html]
[localhost/indexbbbb.html]
[localhost/index2df4.html]
[localhost/index42dc.html]
[localhost/index3204.html]
[localhost/index3b18.html]
[localhost/wp-content/plugins/woocommerce/assets/js/frontend/price-slider.min3088.js]
[localhost/index9e5e.html]
[localhost/indexd312.html]
[localhost/index0290.html]
[localhost/indexca94.json]
[localhost/index150f.json]
[localhost/index67f6.php]
[localhost/wp-content/uploads/2018/09/15-2_201-500x500-600x600.jpg]
[localhost/wp-content/uploads/2018/09/15-2_202-500x500.jpg]
[localhost/wp-content/uploads/2018/09/15-2_202-500x500-600x600.jpg]
[localhost/wp-content/uploads/2018/09/15-2_204-500x500.jpg]
[localhost/wp-content/uploads/2018/09/15-2_204-500x500-600x600.jpg]
[localhost/wp-content/uploads/2018/09/15-2_202-500x500-130x130.jpg]
[localhost/index01f9.html]
[localhost/indexdcd4.html]
[localhost/wp-content/uploads/2018/09/15-2_204-500x500-130x130.jpg]
[localhost/index6700.html]
[localhost/index98e9.html]
[localhost/index2233.html]
[localhost/index2fba.html]
[localhost/index02a5.html]
[localhost/index45db.html]
[localhost/index40e1.html]
[localhost/indexa531.html]
[localhost/indexc564.html]
[localhost/index8bba.html]
[localhost/index0262.html]
[localhost/index4353.html]
[localhost/index969e.html]
[localhost/index42e4.html]
[localhost/indexd22e.html]
[localhost/index739b.html]
[localhost/index4e67.html]
[localhost/index7aff.html]
[localhost/indexabf6.html]
[localhost/index2715.html]
[localhost/index6fb6.html]
[localhost/indexe123.html]
[localhost/index500d.html]
[localhost/index5316.html]
[localhost/index52f0.json]
[localhost/wp-includes/css/dist/block-library/style.min37ad.css]
[localhost/index9004.json]
[localhost/wp-content/plugins/woocommerce/packages/woocommerce-blocks/build/stylea1ec.css]
[localhost/wp-content/plugins/contact-widgets/assets/fonts/fontawesome-webfont3e6e.eot]
[localhost/wp-content/plugins/contact-widgets/assets/fonts/fontawesome-webfontd41d.eot]
[localhost/wp-content/plugins/contact-widgets/assets/fonts/fontawesome-webfont3e6e.woff2]
[localhost/wp-content/plugins/contact-widgets/assets/fonts/fontawesome-webfont3e6e.woff]
[localhost/wp-content/plugins/contact-widgets/assets/fonts/fontawesome-webfont3e6e.ttf]
[localhost/wp-content/plugins/contact-widgets/assets/css/font-awesome.min1849.css]
[localhost/wp-content/plugins/contact-form-7/images/ajax-loader.gif]
[localhost/wp-content/plugins/contact-form-7/includes/css/styles58e0.css]
[localhost/wp-content/themes/flatsome/assets/css/icons/fl-iconsf711.eot]
[localhost/wp-content/themes/flatsome/assets/css/icons/fl-iconsf711.woff2]
[localhost/wp-content/themes/flatsome/assets/css/icons/fl-iconsf711.ttf]
[localhost/wp-content/themes/flatsome/assets/css/icons/fl-iconsf711.woff]
[localhost/wp-content/themes/flatsome/assets/css/fl-icons6aec.css]
[localhost/wp-content/themes/flatsome/inc/integrations/ninjaforms/ninjaforms37ad.css]
[localhost/wp-content/plugins/godaddy-email-marketing-sign-up-forms/images/spinner.gif]
[localhost/wp-content/plugins/godaddy-email-marketing-sign-up-forms/images/spinner-2x.gif]
[localhost/wp-content/uploads/2018/08/20-8_204-500x500-300x300.jpg]
[localhost/wp-content/plugins/godaddy-email-marketing-sign-up-forms/css/gem.min1159.css]
[localhost/wp-content/plugins/variation-swatches-for-woocommerce/assets/css/frontendd0f1.css]
[localhost/wp-content/themes/flatsome/assets/img/shadow@2x.png]
[localhost/wp-content/themes/flatsome/assets/img/underline.png]
[localhost/wp-content/themes/flatsome/assets/css/flatsome2072.css]
[localhost/wp-content/themes/flatsome/assets/css/flatsome-shop2072.css]
[localhost/wp-content/themes/flatsome-child/style2072.css]
[localhost/wp-content/uploads/2018/09/2-300x300.jpg]
[localhost/wp-content/plugins/storefront-sticky-add-to-cart/assets/css/style37ad.css]
[localhost/indexeff9.html]
[localhost/indexbf77.html]
[localhost/indexfb5a.json]
[localhost/indexf1c6.html]
[localhost/index6c42.html]
[localhost/indexf116.html]
[localhost/index9dec.html]
[localhost/index6478.html]
[localhost/indexfd18.html]
[localhost/index92d1.json]
[localhost/index76ef.html]
[localhost/index1f80.html]
[localhost/indexb1b3.html]
[localhost/index96f1.html]
[localhost/index0290.html]
[gmpg.org/xfn/default.css]
[localhost/index9844.html]
[localhost/indexbbbb.html]
[localhost/wp-includes/fonts/dashicons7d4b.eot]
[localhost/wp-includes/css/dashicons.min37ad.css]
[localhost/wp-includes/fonts/dashicons7d4b.ttf]
[localhost/wp-content/plugins/ninja-forms/assets/css/display-structure37ad.css]
[localhost/wp-content/plugins/woocommerce/assets/css/select23088.css]
[localhost/wp-content/plugins/ninja-forms/assets/img/help-info.png]
[localhost/index9e5e.html]
[localhost/indexd312.html]
[localhost/index01f9.html]
[localhost/indexdcd4.html]
[localhost/index6700.html]
[localhost/index98e9.html]
[localhost/index2233.html]
[localhost/index2fba.html]
[localhost/index02a5.html]
[localhost/index45db.html]
[localhost/index40e1.html]
[localhost/indexa531.html]
[localhost/indexc564.html]
[localhost/index8bba.html]
[localhost/index0262.html]
[localhost/indexdff8.php]
[localhost/index4353.html]
[localhost/index969e.html]
[localhost/index42e4.html]
[localhost/indexd22e.html]
[localhost/index739b.html]
[localhost/index4e67.html]
[localhost/wp-content/plugins/contact-widgets/assets/fonts/fontawesome-webfont3e6e.svg]
[localhost/wp-content/themes/flatsome/assets/css/icons/fl-iconsf711.svg]
